#-----------------------------------------------------------
# Vivado v2025.2 (64-bit)
# SW Build 6299465 on Fri Nov 14 12:34:56 MST 2025
# IP Build 6300035 on Fri Nov 14 10:48:45 MST 2025
# SharedData Build 6298862 on Thu Nov 13 04:50:51 MST 2025
# Start of session at: Fri Mar 13 11:52:52 2026
# Process ID         : 13134
# Current directory  : /home/victor/Documents/ComputerResearch/fpga_pract/mul_no_dsp/mul_no_dsp.runs/synth_1
# Command line       : vivado -log mult_dsp_wrapper.vds -product Vivado -mode batch -messageDb vivado.pb -notrace -source mult_dsp_wrapper.tcl
# Log file           : /home/victor/Documents/ComputerResearch/fpga_pract/mul_no_dsp/mul_no_dsp.runs/synth_1/mult_dsp_wrapper.vds
# Journal file       : /home/victor/Documents/ComputerResearch/fpga_pract/mul_no_dsp/mul_no_dsp.runs/synth_1/vivado.jou
# Running On         : victor-pc
# Platform           : Ubuntu
# Operating System   : Ubuntu 24.04.4 LTS
# Processor Detail   : 11th Gen Intel(R) Core(TM) i5-1135G7 @ 2.40GHz
# CPU Frequency      : 892.272 MHz
# CPU Physical cores : 4
# CPU Logical cores  : 8
# Host memory        : 16483 MB
# Swap memory        : 4294 MB
# Total Virtual      : 20778 MB
# Available Virtual  : 15511 MB
#-----------------------------------------------------------
source mult_dsp_wrapper.tcl -notrace
